// Jest Snapshot v1, https://goo.gl/fbAQLP

exports[`without credentials without credentials returns something 1`] = `
{
  "hash": "e4f084f8",
  "host": "www.example.com",
  "method": "get",
  "path": "/"
}
`;
