// Jest Snapshot v1, https://goo.gl/fbAQLP

exports[`no credentials but with a signature works 1`] = `
{
  "hash": "fd0c3e6f",
  "host": "www.behance.net",
  "method": "get",
  "path": "/v2/projects?api_key=u_n_m_o_c_k_200"
}
`;
