exports['unmock no story 1'] = {
  "hash": "76b88130",
  "host": "www.behance.net",
  "method": "GET",
  "path": "/v2/projects?api_key=u_n_m_o_c_k_200"
};

exports['unmock no story 2'] = {
  "hash": "76b88130",
  "host": "www.behance.net",
  "method": "GET",
  "path": "/v2/projects?api_key=u_n_m_o_c_k_200"
};

exports['unmock no story 3'] = {
  "hash": "76b88130",
  "host": "www.behance.net",
  "method": "GET",
  "path": "/v2/projects?api_key=u_n_m_o_c_k_200"
};
