exports['no credentials but with a signature works 1'] = {
  "hash": "7eea0a32",
  "host": "www.behance.net",
  "method": "GET",
  "path": "/v2/projects?api_key=u_n_m_o_c_k_200"
};
