exports['without credentials without credentials returns something 1'] = {
  "hash": "c836765e",
  "host": "www.example.com",
  "method": "GET",
  "path": "/"
};
