exports['credentials written to .unmock/credentials work just like a token 1'] = {
  "hash": "76b88130",
  "host": "www.behance.net",
  "method": "GET",
  "path": "/v2/projects?api_key=u_n_m_o_c_k_200"
};

exports['credentials written to .unmock/credentials work just like a token 2'] = {
  "hash": "76b88130",
  "host": "www.behance.net",
  "method": "GET",
  "path": "/v2/projects?api_key=u_n_m_o_c_k_200"
};
